Release 14.7 - xst P.20131013 (lin64)
Copyright (c) 1995-2013 Xilinx, Inc.  All rights reserved.
--> 
Parameter TMPDIR set to xst/projnav.tmp


Total REAL time to Xst completion: 0.00 secs
Total CPU time to Xst completion: 0.27 secs
 
--> 
Parameter xsthdpdir set to xst


Total REAL time to Xst completion: 0.00 secs
Total CPU time to Xst completion: 0.27 secs
 
--> 
Reading design: keyboardBringup.prj

TABLE OF CONTENTS
  1) Synthesis Options Summary
  2) HDL Compilation
  3) Design Hierarchy Analysis
  4) HDL Analysis
  5) HDL Synthesis
     5.1) HDL Synthesis Report
  6) Advanced HDL Synthesis
     6.1) Advanced HDL Synthesis Report
  7) Low Level Synthesis
  8) Partition Report
  9) Final Report
	9.1) Device utilization summary
	9.2) Partition Resource Summary
	9.3) TIMING REPORT


=========================================================================
*                      Synthesis Options Summary                        *
=========================================================================
---- Source Parameters
Input File Name                    : "keyboardBringup.prj"
Input Format                       : mixed
Ignore Synthesis Constraint File   : NO

---- Target Parameters
Output File Name                   : "keyboardBringup"
Output Format                      : NGC
Target Device                      : xc3s1000-5-ft256

---- Source Options
Top Module Name                    : keyboardBringup
Automatic FSM Extraction           : YES
FSM Encoding Algorithm             : Auto
Safe Implementation                : No
FSM Style                          : LUT
RAM Extraction                     : Yes
RAM Style                          : Auto
ROM Extraction                     : Yes
Mux Style                          : Auto
Decoder Extraction                 : YES
Priority Encoder Extraction        : Yes
Shift Register Extraction          : YES
Logical Shifter Extraction         : YES
XOR Collapsing                     : YES
ROM Style                          : Auto
Mux Extraction                     : Yes
Resource Sharing                   : YES
Asynchronous To Synchronous        : NO
Multiplier Style                   : Auto
Automatic Register Balancing       : No

---- Target Options
Add IO Buffers                     : YES
Global Maximum Fanout              : 100000
Add Generic Clock Buffer(BUFG)     : 8
Register Duplication               : YES
Slice Packing                      : YES
Optimize Instantiated Primitives   : NO
Use Clock Enable                   : Yes
Use Synchronous Set                : Yes
Use Synchronous Reset              : Yes
Pack IO Registers into IOBs        : Auto
Equivalent register Removal        : YES

---- General Options
Optimization Goal                  : Speed
Optimization Effort                : 1
Keep Hierarchy                     : No
Netlist Hierarchy                  : As_Optimized
RTL Output                         : Yes
Global Optimization                : AllClockNets
Read Cores                         : YES
Write Timing Constraints           : NO
Cross Clock Analysis               : NO
Hierarchy Separator                : /
Bus Delimiter                      : <>
Case Specifier                     : Maintain
Slice Utilization Ratio            : 100
BRAM Utilization Ratio             : 100
Verilog 2001                       : YES
Auto BRAM Packing                  : NO
Slice Utilization Ratio Delta      : 5

=========================================================================


=========================================================================
*                          HDL Compilation                              *
=========================================================================
Compiling verilog file "../../squareWave.v" in library work
Module <squareWave> compiled
Compiling verilog file "../../edgeDetector.v" in library work
Module <squareWaveBringup> compiled
Module <edgeDetector> compiled
Compiling verilog file "../../noiseWave.v" in library work
Module <testEdgeDetector> compiled
Module <lfsr> compiled
Compiling verilog file "../../keyboardBringup.v" in library work
Module <NoiseWaveBringup> compiled
Module <keyboardBringup> compiled
No errors in compilation
Analysis of file <"keyboardBringup.prj"> succeeded.
 

=========================================================================
*                     Design Hierarchy Analysis                         *
=========================================================================
Analyzing hierarchy for module <keyboardBringup> in library <work>.

Analyzing hierarchy for module <squareWave> in library <work> with parameters.
	clkDivider = "00000000000000001111100100011111"
	clkFreq = "00000010111110101111000010000000"
	desiredFreq = "00000000000000000000000110001000"

Analyzing hierarchy for module <squareWave> in library <work> with parameters.
	clkDivider = "00000000000000001101110111110010"
	clkFreq = "00000010111110101111000010000000"
	desiredFreq = "00000000000000000000000110111000"

Analyzing hierarchy for module <squareWave> in library <work> with parameters.
	clkDivider = "00000000000000001100010110101111"
	clkFreq = "00000010111110101111000010000000"
	desiredFreq = "00000000000000000000000111101110"

Analyzing hierarchy for module <squareWave> in library <work> with parameters.
	clkDivider = "00000000000000001011101010111001"
	clkFreq = "00000010111110101111000010000000"
	desiredFreq = "00000000000000000000001000001011"

Analyzing hierarchy for module <squareWave> in library <work> with parameters.
	clkDivider = "00000000000000001010011001011101"
	clkFreq = "00000010111110101111000010000000"
	desiredFreq = "00000000000000000000001001001011"

Analyzing hierarchy for module <squareWave> in library <work> with parameters.
	clkDivider = "00000000000000001001010000110000"
	clkFreq = "00000010111110101111000010000000"
	desiredFreq = "00000000000000000000001010010011"

Analyzing hierarchy for module <squareWave> in library <work> with parameters.
	clkDivider = "00000000000000001000001111110111"
	clkFreq = "00000010111110101111000010000000"
	desiredFreq = "00000000000000000000001011100100"

Analyzing hierarchy for module <squareWave> in library <work> with parameters.
	clkDivider = "00000000000000000111110010001111"
	clkFreq = "00000010111110101111000010000000"
	desiredFreq = "00000000000000000000001100010000"

Analyzing hierarchy for module <lfsr> in library <work>.

Analyzing hierarchy for module <edgeDetector> in library <work>.

Analyzing hierarchy for module <squareWave> in library <work> with parameters.
	clkDivider = "00000000000000000110111011111001"
	clkFreq = "00000010111110101111000010000000"
	desiredFreq = "00000000000000000000001101110000"

Analyzing hierarchy for module <squareWave> in library <work> with parameters.
	clkDivider = "00000000000000000100101000011000"
	clkFreq = "00000010111110101111000010000000"
	desiredFreq = "00000000000000000000010100100110"


=========================================================================
*                            HDL Analysis                               *
=========================================================================
Analyzing top module <keyboardBringup>.
Module <keyboardBringup> is correct for synthesis.
 
Analyzing module <squareWave.1> in library <work>.
	clkDivider = 32'sb00000000000000001111100100011111
	clkFreq = 32'sb00000010111110101111000010000000
	desiredFreq = 32'sb00000000000000000000000110001000
Module <squareWave.1> is correct for synthesis.
 
Analyzing module <squareWave.2> in library <work>.
	clkDivider = 32'sb00000000000000001101110111110010
	clkFreq = 32'sb00000010111110101111000010000000
	desiredFreq = 32'sb00000000000000000000000110111000
Module <squareWave.2> is correct for synthesis.
 
Analyzing module <squareWave.3> in library <work>.
	clkDivider = 32'sb00000000000000001100010110101111
	clkFreq = 32'sb00000010111110101111000010000000
	desiredFreq = 32'sb00000000000000000000000111101110
Module <squareWave.3> is correct for synthesis.
 
Analyzing module <squareWave.4> in library <work>.
	clkDivider = 32'sb00000000000000001011101010111001
	clkFreq = 32'sb00000010111110101111000010000000
	desiredFreq = 32'sb00000000000000000000001000001011
Module <squareWave.4> is correct for synthesis.
 
Analyzing module <squareWave.5> in library <work>.
	clkDivider = 32'sb00000000000000001010011001011101
	clkFreq = 32'sb00000010111110101111000010000000
	desiredFreq = 32'sb00000000000000000000001001001011
Module <squareWave.5> is correct for synthesis.
 
Analyzing module <squareWave.6> in library <work>.
	clkDivider = 32'sb00000000000000001001010000110000
	clkFreq = 32'sb00000010111110101111000010000000
	desiredFreq = 32'sb00000000000000000000001010010011
Module <squareWave.6> is correct for synthesis.
 
Analyzing module <squareWave.7> in library <work>.
	clkDivider = 32'sb00000000000000001000001111110111
	clkFreq = 32'sb00000010111110101111000010000000
	desiredFreq = 32'sb00000000000000000000001011100100
Module <squareWave.7> is correct for synthesis.
 
Analyzing module <squareWave.8> in library <work>.
	clkDivider = 32'sb00000000000000000111110010001111
	clkFreq = 32'sb00000010111110101111000010000000
	desiredFreq = 32'sb00000000000000000000001100010000
Module <squareWave.8> is correct for synthesis.
 
Analyzing module <lfsr> in library <work>.
Module <lfsr> is correct for synthesis.
 
Analyzing module <edgeDetector> in library <work>.
Module <edgeDetector> is correct for synthesis.
 
Analyzing module <squareWave.9> in library <work>.
	clkDivider = 32'sb00000000000000000110111011111001
	clkFreq = 32'sb00000010111110101111000010000000
	desiredFreq = 32'sb00000000000000000000001101110000
Module <squareWave.9> is correct for synthesis.
 
Analyzing module <squareWave.10> in library <work>.
	clkDivider = 32'sb00000000000000000100101000011000
	clkFreq = 32'sb00000010111110101111000010000000
	desiredFreq = 32'sb00000000000000000000010100100110
Module <squareWave.10> is correct for synthesis.
 

=========================================================================
*                           HDL Synthesis                               *
=========================================================================

Performing bidirectional port resolution...

Synthesizing Unit <squareWave_1>.
    Related source file is "../../squareWave.v".
    Found 1-bit register for signal <out>.
    Found 32-bit up counter for signal <counter>.
    Summary:
	inferred   1 Counter(s).
	inferred   1 D-type flip-flop(s).
Unit <squareWave_1> synthesized.


Synthesizing Unit <squareWave_2>.
    Related source file is "../../squareWave.v".
    Found 1-bit register for signal <out>.
    Found 32-bit up counter for signal <counter>.
    Summary:
	inferred   1 Counter(s).
	inferred   1 D-type flip-flop(s).
Unit <squareWave_2> synthesized.


Synthesizing Unit <squareWave_3>.
    Related source file is "../../squareWave.v".
    Found 1-bit register for signal <out>.
    Found 32-bit up counter for signal <counter>.
    Summary:
	inferred   1 Counter(s).
	inferred   1 D-type flip-flop(s).
Unit <squareWave_3> synthesized.


Synthesizing Unit <squareWave_4>.
    Related source file is "../../squareWave.v".
    Found 1-bit register for signal <out>.
    Found 32-bit up counter for signal <counter>.
    Summary:
	inferred   1 Counter(s).
	inferred   1 D-type flip-flop(s).
Unit <squareWave_4> synthesized.


Synthesizing Unit <squareWave_5>.
    Related source file is "../../squareWave.v".
    Found 1-bit register for signal <out>.
    Found 32-bit up counter for signal <counter>.
    Summary:
	inferred   1 Counter(s).
	inferred   1 D-type flip-flop(s).
Unit <squareWave_5> synthesized.


Synthesizing Unit <squareWave_6>.
    Related source file is "../../squareWave.v".
    Found 1-bit register for signal <out>.
    Found 32-bit up counter for signal <counter>.
    Summary:
	inferred   1 Counter(s).
	inferred   1 D-type flip-flop(s).
Unit <squareWave_6> synthesized.


Synthesizing Unit <squareWave_7>.
    Related source file is "../../squareWave.v".
    Found 1-bit register for signal <out>.
    Found 32-bit up counter for signal <counter>.
    Summary:
	inferred   1 Counter(s).
	inferred   1 D-type flip-flop(s).
Unit <squareWave_7> synthesized.


Synthesizing Unit <squareWave_8>.
    Related source file is "../../squareWave.v".
    Found 1-bit register for signal <out>.
    Found 32-bit up counter for signal <counter>.
    Summary:
	inferred   1 Counter(s).
	inferred   1 D-type flip-flop(s).
Unit <squareWave_8> synthesized.


Synthesizing Unit <lfsr>.
    Related source file is "../../noiseWave.v".
    Found 8-bit register for signal <q>.
    Found 1-bit xor4 for signal <q$xor0000> created at line 11.
    Summary:
	inferred   1 Xor(s).
Unit <lfsr> synthesized.


Synthesizing Unit <edgeDetector>.
    Related source file is "../../edgeDetector.v".
    Found 1-bit register for signal <neg>.
    Found 1-bit register for signal <pos>.
    Found 1-bit register for signal <buffer>.
    Found 1-bit xor2 for signal <pos$xor0000> created at line 8.
    Summary:
	inferred   3 D-type flip-flop(s).
Unit <edgeDetector> synthesized.


Synthesizing Unit <squareWave_9>.
    Related source file is "../../squareWave.v".
    Found 1-bit register for signal <out>.
    Found 32-bit up counter for signal <counter>.
    Summary:
	inferred   1 Counter(s).
	inferred   1 D-type flip-flop(s).
Unit <squareWave_9> synthesized.


Synthesizing Unit <squareWave_10>.
    Related source file is "../../squareWave.v".
    Found 1-bit register for signal <out>.
    Found 32-bit up counter for signal <counter>.
    Summary:
	inferred   1 Counter(s).
	inferred   1 D-type flip-flop(s).
Unit <squareWave_10> synthesized.


Synthesizing Unit <keyboardBringup>.
    Related source file is "../../keyboardBringup.v".
WARNING:Xst:653 - Signal <reset> is used but never assigned. This sourceless signal will be automatically connected to value 0.
WARNING:Xst:646 - Signal <qG<7:1>> is assigned but never used. This unconnected signal will be trimmed during the optimization process.
WARNING:Xst:646 - Signal <qC<7:1>> is assigned but never used. This unconnected signal will be trimmed during the optimization process.
WARNING:Xst:646 - Signal <qB<7:1>> is assigned but never used. This unconnected signal will be trimmed during the optimization process.
WARNING:Xst:646 - Signal <qA<7:1>> is assigned but never used. This unconnected signal will be trimmed during the optimization process.
WARNING:Xst:646 - Signal <nnegG> is assigned but never used. This unconnected signal will be trimmed during the optimization process.
WARNING:Xst:646 - Signal <nnegC> is assigned but never used. This unconnected signal will be trimmed during the optimization process.
WARNING:Xst:646 - Signal <nnegB> is assigned but never used. This unconnected signal will be trimmed during the optimization process.
WARNING:Xst:646 - Signal <nnegA> is assigned but never used. This unconnected signal will be trimmed during the optimization process.
WARNING:Xst:1780 - Signal <en> is never used or assigned. This unconnected signal will be trimmed during the optimization process.
Unit <keyboardBringup> synthesized.


=========================================================================
HDL Synthesis Report

Macro Statistics
# Counters                                             : 12
 32-bit up counter                                     : 12
# Registers                                            : 28
 1-bit register                                        : 24
 8-bit register                                        : 4
# Xors                                                 : 8
 1-bit xor2                                            : 4
 1-bit xor4                                            : 4

=========================================================================

=========================================================================
*                       Advanced HDL Synthesis                          *
=========================================================================


=========================================================================
Advanced HDL Synthesis Report

Macro Statistics
# Counters                                             : 12
 32-bit up counter                                     : 12
# Registers                                            : 56
 Flip-Flops                                            : 56
# Xors                                                 : 8
 1-bit xor2                                            : 4
 1-bit xor4                                            : 4

=========================================================================

=========================================================================
*                         Low Level Synthesis                           *
=========================================================================
WARNING:Xst:1989 - Unit <keyboardBringup>: instances <A4>, <nG4> of unit <squareWave_2> are equivalent, second instance is removed
WARNING:Xst:1989 - Unit <keyboardBringup>: instances <E5>, <nA4> of unit <squareWave_6> are equivalent, second instance is removed
WARNING:Xst:2677 - Node <ED_C/neg> of sequential type is unconnected in block <keyboardBringup>.
WARNING:Xst:2677 - Node <ED_B/neg> of sequential type is unconnected in block <keyboardBringup>.
WARNING:Xst:2677 - Node <ED_A/neg> of sequential type is unconnected in block <keyboardBringup>.
WARNING:Xst:2677 - Node <ED_G/neg> of sequential type is unconnected in block <keyboardBringup>.

Optimizing unit <keyboardBringup> ...

Mapping all equations...
Building and optimizing final netlist ...
Found area constraint ratio of 100 (+ 5) on block keyboardBringup, actual ratio is 3.

Final Macro Processing ...

=========================================================================
Final Register Report

Macro Statistics
# Registers                                            : 370
 Flip-Flops                                            : 370

=========================================================================

=========================================================================
*                           Partition Report                            *
=========================================================================

Partition Implementation Status
-------------------------------

  No Partitions were found in this design.

-------------------------------

=========================================================================
*                            Final Report                               *
=========================================================================
Final Results
RTL Top Level Output File Name     : keyboardBringup.ngr
Top Level Output File Name         : keyboardBringup
Output Format                      : NGC
Optimization Goal                  : Speed
Keep Hierarchy                     : No

Design Statistics
# IOs                              : 25

Cell Usage :
# BELS                             : 1142
#      GND                         : 1
#      INV                         : 20
#      LUT1                        : 310
#      LUT2                        : 16
#      LUT4                        : 84
#      MUXCY                       : 390
#      VCC                         : 1
#      XORCY                       : 320
# FlipFlops/Latches                : 370
#      FD                          : 4
#      FDCE                        : 28
#      FDE                         : 10
#      FDPE                        : 4
#      FDR                         : 324
# Clock Buffers                    : 1
#      BUFGP                       : 1
# IO Buffers                       : 24
#      IBUF                        : 12
#      OBUF                        : 12
=========================================================================

Device utilization summary:
---------------------------

Selected Device : 3s1000ft256-5 

 Number of Slices:                      235  out of   7680     3%  
 Number of Slice Flip Flops:            370  out of  15360     2%  
 Number of 4 input LUTs:                430  out of  15360     2%  
 Number of IOs:                          25
 Number of bonded IOBs:                  25  out of    173    14%  
 Number of GCLKs:                         1  out of      8    12%  

---------------------------
Partition Resource Summary:
---------------------------

  No Partitions were found in this design.

---------------------------


=========================================================================
TIMING REPORT

NOTE: THESE TIMING NUMBERS ARE ONLY A SYNTHESIS ESTIMATE.
      FOR ACCURATE TIMING INFORMATION PLEASE REFER TO THE TRACE REPORT
      GENERATED AFTER PLACE-and-ROUTE.

Clock Information:
------------------
-----------------------------------+------------------------+-------+
Clock Signal                       | Clock buffer(FF name)  | Load  |
-----------------------------------+------------------------+-------+
clk                                | BUFGP                  | 370   |
-----------------------------------+------------------------+-------+

Asynchronous Control Signals Information:
----------------------------------------
-----------------------------------+------------------------+-------+
Control Signal                     | Buffer(FF name)        | Load  |
-----------------------------------+------------------------+-------+
N0(XST_GND:G)                      | NONE(noiseA/q_0)       | 32    |
-----------------------------------+------------------------+-------+

Timing Summary:
---------------
Speed Grade: -5

   Minimum period: 5.631ns (Maximum Frequency: 177.590MHz)
   Minimum input arrival time before clock: No path found
   Maximum output required time after clock: 7.769ns
   Maximum combinational path delay: 7.635ns

Timing Detail:
--------------
All values displayed in nanoseconds (ns)

=========================================================================
Timing constraint: Default period analysis for Clock 'clk'
  Clock period: 5.631ns (frequency: 177.590MHz)
  Total number of paths / destination ports: 15938 / 732
-------------------------------------------------------------------------
Delay:               5.631ns (Levels of Logic = 9)
  Source:            B4/counter_7 (FF)
  Destination:       B4/counter_0 (FF)
  Source Clock:      clk rising
  Destination Clock: clk rising

  Data Path: B4/counter_7 to B4/counter_0
                                Gate     Net
    Cell:in->out      fanout   Delay   Delay  Logical Name (Net Name)
    ----------------------------------------  ------------
     FDR:C->Q              2   0.626   1.040  B4/counter_7 (B4/counter_7)
     LUT4:I0->O            1   0.479   0.000  B4/counter_cmp_eq0000_wg_lut<0> (B4/counter_cmp_eq0000_wg_lut<0>)
     MUXCY:S->O            1   0.435   0.000  B4/counter_cmp_eq0000_wg_cy<0> (B4/counter_cmp_eq0000_wg_cy<0>)
     MUXCY:CI->O           1   0.056   0.000  B4/counter_cmp_eq0000_wg_cy<1> (B4/counter_cmp_eq0000_wg_cy<1>)
     MUXCY:CI->O           1   0.056   0.000  B4/counter_cmp_eq0000_wg_cy<2> (B4/counter_cmp_eq0000_wg_cy<2>)
     MUXCY:CI->O           1   0.056   0.000  B4/counter_cmp_eq0000_wg_cy<3> (B4/counter_cmp_eq0000_wg_cy<3>)
     MUXCY:CI->O           1   0.056   0.000  B4/counter_cmp_eq0000_wg_cy<4> (B4/counter_cmp_eq0000_wg_cy<4>)
     MUXCY:CI->O           1   0.056   0.000  B4/counter_cmp_eq0000_wg_cy<5> (B4/counter_cmp_eq0000_wg_cy<5>)
     MUXCY:CI->O           1   0.056   0.000  B4/counter_cmp_eq0000_wg_cy<6> (B4/counter_cmp_eq0000_wg_cy<6>)
     MUXCY:CI->O          33   0.246   1.580  B4/counter_cmp_eq0000_wg_cy<7> (B4/counter_cmp_eq0000)
     FDR:R                     0.892          B4/counter_0
    ----------------------------------------
    Total                      5.631ns (3.011ns logic, 2.620ns route)
                                       (53.5% logic, 46.5% route)

=========================================================================
Timing constraint: Default OFFSET OUT AFTER for Clock 'clk'
  Total number of paths / destination ports: 12 / 12
-------------------------------------------------------------------------
Offset:              7.769ns (Levels of Logic = 2)
  Source:            A4/out (FF)
  Destination:       gpioBank1<1> (PAD)
  Source Clock:      clk rising

  Data Path: A4/out to gpioBank1<1>
                                Gate     Net
    Cell:in->out      fanout   Delay   Delay  Logical Name (Net Name)
    ----------------------------------------  ------------
     FDE:C->Q              4   0.626   1.074  A4/out (A4/out)
     LUT2:I0->O            1   0.479   0.681  gpioBank1_1_and00001 (gpioBank1_1_OBUF)
     OBUF:I->O                 4.909          gpioBank1_1_OBUF (gpioBank1<1>)
    ----------------------------------------
    Total                      7.769ns (6.014ns logic, 1.755ns route)
                                       (77.4% logic, 22.6% route)

=========================================================================
Timing constraint: Default path analysis
  Total number of paths / destination ports: 12 / 12
-------------------------------------------------------------------------
Delay:               7.635ns (Levels of Logic = 3)
  Source:            sw<4> (PAD)
  Destination:       gpioBank1<3> (PAD)

  Data Path: sw<4> to gpioBank1<3>
                                Gate     Net
    Cell:in->out      fanout   Delay   Delay  Logical Name (Net Name)
    ----------------------------------------  ------------
     IBUF:I->O             1   0.715   0.851  sw_4_IBUF (sw_4_IBUF)
     LUT2:I1->O            1   0.479   0.681  gpioBank1_3_and00001 (gpioBank1_3_OBUF)
     OBUF:I->O                 4.909          gpioBank1_3_OBUF (gpioBank1<3>)
    ----------------------------------------
    Total                      7.635ns (6.103ns logic, 1.532ns route)
                                       (79.9% logic, 20.1% route)

=========================================================================


Total REAL time to Xst completion: 33.00 secs
Total CPU time to Xst completion: 31.17 secs
 
--> 


Total memory usage is 524444 kilobytes

Number of errors   :    0 (   0 filtered)
Number of warnings :   16 (   0 filtered)
Number of infos    :    0 (   0 filtered)

